// Jest Snapshot v1, https://goo.gl/fbAQLP

exports[`StockCard DOM renders correctly 1`] = `
<div
  className="card-wrapper"
>
  <div
    className="icon-section"
  >
    <p
      className="header"
    >
      name
    </p>
    <img
      alt="icon"
      src="df"
    />
  </div>
  <div
    className="price-area"
  >
    <p
      className="price"
    >
      â‚¬
      5.0000
    </p>
    <div
      className="high"
    >
      3
      %
      <i
        className="arrow up icon"
      />
    </div>
  </div>
  <div
    className="symbol-area"
  >
    <p
      className="rank"
    >
      rank:
      f
    </p>
    <p
      className="symbol"
    >
      34
    </p>
  </div>
</div>
`;
